Analyzing english_aircraft...

warning - lib\main.dart:5:8 - Unused import: 'screens/home_screen.dart'. Try removing the import directive. - unused_import
warning - lib\screens\grammar_detail_screen.dart:38:11 - The value of the local variable 'hasSentences' isn't used. Try removing the variable or using it. - unused_local_variable
warning - lib\screens\home_screen.dart:74:53 - The declaration '_groupByUnit' isn't referenced. Try removing the declaration of '_groupByUnit'. - unused_element
warning - lib\screens\home_screen.dart:532:10 - The declaration '_buildUnitNode' isn't referenced. Try removing the declaration of '_buildUnitNode'. - unused_element
warning - lib\screens\lesson_screen.dart:53:26 - The value of the field '_takeOffTranslation' isn't used. Try removing the field, or using it. - unused_field
warning - lib\screens\lesson_screen.dart:54:26 - The value of the field '_takeOffRotation' isn't used. Try removing the field, or using it. - unused_field
warning - lib\screens\lesson_screen.dart:168:12 - The value of the local variable 'foundMatch' isn't used. Try removing the variable or using it. - unused_local_variable
warning - lib\screens\profile_screen.dart:2:8 - Unused import: 'package:flutter/material.dart'. Try removing the import directive. - unused_import
warning - lib\screens\settings_screen.dart:1:8 - Unused import: 'dart:convert'. Try removing the import directive. - unused_import
warning - lib\screens\settings_screen.dart:13:11 - The value of the local variable 'isDark' isn't used. Try removing the variable or using it. - unused_local_variable
warning - lib\screens\settings_screen.dart:301:19 - The value of the local variable 'anchor' isn't used. Try removing the variable or using it. - unused_local_variable
warning - lib\screens\words_screen.dart:17:8 - The value of the field '_showOnlyLearned' isn't used. Try removing the field, or using it. - unused_field
warning - lib\screens\words_screen.dart:18:8 - The value of the field '_selectedDifficulty' isn't used. Try removing the field, or using it. - unused_field
warning - lib\utils\speech_web.dart:44:7 - The declaration '_cleanup' isn't referenced. Try removing the declaration of '_cleanup'. - unused_element
   info - lib\data\grammar_data.dart:20:20 - The variable name 'topicA_WordOrder' isn't a lowerCamelCase identifier. Try changing the name to follow the lowerCamelCase style. - non_constant_identifier_names
   info - lib\data\grammar_data.dart:30:29 - The variable name '_topicA_Sentences' isn't a lowerCamelCase identifier. Try changing the name to follow the lowerCamelCase style. - non_constant_identifier_names
   info - lib\data\grammar_data.dart:143:20 - The variable name 'topicB_Prepositions' isn't a lowerCamelCase identifier. Try changing the name to follow the lowerCamelCase style. - non_constant_identifier_names
   info - lib\data\grammar_data.dart:153:29 - The variable name '_topicB_Exercises' isn't a lowerCamelCase identifier. Try changing the name to follow the lowerCamelCase style. - non_constant_identifier_names
   info - lib\data\grammar_data.dart:367:20 - The variable name 'topicC1_Infinitive' isn't a lowerCamelCase identifier. Try changing the name to follow the lowerCamelCase style. - non_constant_identifier_names
   info - lib\data\grammar_data.dart:377:29 - The variable name '_topicC1_Sentences' isn't a lowerCamelCase identifier. Try changing the name to follow the lowerCamelCase style. - non_constant_identifier_names
   info - lib\data\grammar_data.dart:391:20 - The variable name 'topicC2_PresentSimple' isn't a lowerCamelCase identifier. Try changing the name to follow the lowerCamelCase style. - non_constant_identifier_names
   info - lib\data\grammar_data.dart:401:29 - The variable name '_topicC2_Sentences' isn't a lowerCamelCase identifier. Try changing the name to follow the lowerCamelCase style. - non_constant_identifier_names
   info - lib\data\grammar_data.dart:415:20 - The variable name 'topicC3_ToBeToHave' isn't a lowerCamelCase identifier. Try changing the name to follow the lowerCamelCase style. - non_constant_identifier_names
   info - lib\data\grammar_data.dart:425:29 - The variable name '_topicC3_Sentences' isn't a lowerCamelCase identifier. Try changing the name to follow the lowerCamelCase style. - non_constant_identifier_names
   info - lib\data\grammar_data.dart:439:20 - The variable name 'topicC4_Imperative' isn't a lowerCamelCase identifier. Try changing the name to follow the lowerCamelCase style. - non_constant_identifier_names
   info - lib\data\grammar_data.dart:449:29 - The variable name '_topicC4_Sentences' isn't a lowerCamelCase identifier. Try changing the name to follow the lowerCamelCase style. - non_constant_identifier_names
   info - lib\data\grammar_data.dart:463:20 - The variable name 'topicC5_Gerund' isn't a lowerCamelCase identifier. Try changing the name to follow the lowerCamelCase style. - non_constant_identifier_names
   info - lib\data\grammar_data.dart:473:29 - The variable name '_topicC5_Sentences' isn't a lowerCamelCase identifier. Try changing the name to follow the lowerCamelCase style. - non_constant_identifier_names
   info - lib\data\grammar_data.dart:487:20 - The variable name 'topicC6_PastParticiple' isn't a lowerCamelCase identifier. Try changing the name to follow the lowerCamelCase style. - non_constant_identifier_names
   info - lib\data\grammar_data.dart:497:29 - The variable name '_topicC6_Sentences' isn't a lowerCamelCase identifier. Try changing the name to follow the lowerCamelCase style. - non_constant_identifier_names
   info - lib\data\grammar_data.dart:511:20 - The variable name 'topicD_InstructionsAndProcedures' isn't a lowerCamelCase identifier. Try changing the name to follow the lowerCamelCase style. - non_constant_identifier_names
   info - lib\data\grammar_data.dart:521:29 - The variable name '_topicD_Sentences' isn't a lowerCamelCase identifier. Try changing the name to follow the lowerCamelCase style. - non_constant_identifier_names
   info - lib\data\grammar_data.dart:596:20 - The variable name 'topicE_SentencePatterns' isn't a lowerCamelCase identifier. Try changing the name to follow the lowerCamelCase style. - non_constant_identifier_names
   info - lib\data\grammar_data.dart:606:29 - The variable name '_topicE_Sentences' isn't a lowerCamelCase identifier. Try changing the name to follow the lowerCamelCase style. - non_constant_identifier_names
   info - lib\data\grammar_data.dart:719:20 - The variable name 'topicF_BasicStructureAndWordEndings' isn't a lowerCamelCase identifier. Try changing the name to follow the lowerCamelCase style. - non_constant_identifier_names
   info - lib\data\grammar_data.dart:729:29 - The variable name '_topicF_Sentences' isn't a lowerCamelCase identifier. Try changing the name to follow the lowerCamelCase style. - non_constant_identifier_names
   info - lib\screens\grammar_detail_screen.dart:34:10 - The member 'build' overrides an inherited member but isn't annotated with '@override'. Try adding the '@override' annotation. - annotate_overrides
   info - lib\screens\grammar_detail_screen.dart:701:26 - Don't use 'BuildContext's across async gaps. Try rewriting the code to not use the 'BuildContext', or guard the use with a 'mounted' check. - use_build_context_synchronously
   info - lib\screens\grammar_screen.dart:128:20 - Unnecessary use of 'toList' in a spread. Try removing the invocation of 'toList'. - unnecessary_to_list_in_spreads
   info - lib\screens\home_screen.dart:385:30 - Unnecessary use of 'toList' in a spread. Try removing the invocation of 'toList'. - unnecessary_to_list_in_spreads
   info - lib\screens\home_screen.dart:396:30 - Unnecessary use of 'toList' in a spread. Try removing the invocation of 'toList'. - unnecessary_to_list_in_spreads
   info - lib\screens\settings_screen.dart:2:1 - 'dart:html' is deprecated and shouldn't be used. Use package:web and dart:js_interop instead. Try replacing the use of the deprecated member with the replacement. - deprecated_member_use
   info - lib\screens\settings_screen.dart:2:1 - Don't use web-only libraries outside Flutter web plugins. Try finding a different library for your needs. - avoid_web_libraries_in_flutter
   info - lib\screens\settings_screen.dart:328:37 - Don't use 'BuildContext's across async gaps. Try rewriting the code to not use the 'BuildContext', or guard the use with a 'mounted' check. - use_build_context_synchronously
   info - lib\screens\settings_screen.dart:329:44 - Don't use 'BuildContext's across async gaps. Try rewriting the code to not use the 'BuildContext', or guard the use with a 'mounted' check. - use_build_context_synchronously
   info - lib\screens\words_screen.dart:17:8 - The private field _showOnlyLearned could be 'final'. Try making the field 'final'. - prefer_final_fields
   info - lib\screens\words_screen.dart:146:26 - Unnecessary use of 'toList' in a spread. Try removing the invocation of 'toList'. - unnecessary_to_list_in_spreads
   info - lib\screens\words_screen.dart:378:28 - Unnecessary use of 'toList' in a spread. Try removing the invocation of 'toList'. - unnecessary_to_list_in_spreads

48 issues found.
