00:00 +0: loading C:/Users/Casper/Desktop/english_aircraft/test/ad_service_test.dart
00:00 +0: C:/Users/Casper/Desktop/english_aircraft/test/ad_service_test.dart: AdService Tests AdService should be singleton
00:00 +1: C:/Users/Casper/Desktop/english_aircraft/test/ad_service_test.dart: AdService Tests initialize should complete without errors
00:00 +2: C:/Users/Casper/Desktop/english_aircraft/test/ad_service_test.dart: AdService Tests loadBannerAd should not throw
00:00 +3: C:/Users/Casper/Desktop/english_aircraft/test/ad_service_test.dart: AdService Tests loadInterstitialAd should not throw
00:00 +4: C:/Users/Casper/Desktop/english_aircraft/test/ad_service_test.dart: AdService Tests loadRewardedAd should not throw
00:00 +5: C:/Users/Casper/Desktop/english_aircraft/test/ad_service_test.dart: AdService Tests showInterstitialAd should call onAdDismissed
00:00 +5 -1: C:/Users/Casper/Desktop/english_aircraft/test/ad_service_test.dart: AdService Tests showInterstitialAd should call onAdDismissed [E]
  Expected: <true>
    Actual: <false>
  
  package:matcher                                     expect
  package:flutter_test/src/widget_tester.dart 473:18  expect
  test\ad_service_test.dart 57:7                      main.<fn>.<fn>
  
00:00 +5 -1: C:/Users/Casper/Desktop/english_aircraft/test/ad_service_test.dart: AdService Tests showRewardedAd should call onAdDismissed
00:00 +5 -2: C:/Users/Casper/Desktop/english_aircraft/test/ad_service_test.dart: AdService Tests showRewardedAd should call onAdDismissed [E]
  Expected: <true>
    Actual: <false>
  
  package:matcher                                     expect
  package:flutter_test/src/widget_tester.dart 473:18  expect
  test\ad_service_test.dart 68:7                      main.<fn>.<fn>
  
00:00 +5 -2: C:/Users/Casper/Desktop/english_aircraft/test/ad_service_test.dart: AdService Tests bannerAd should return null
00:00 +6 -2: C:/Users/Casper/Desktop/english_aircraft/test/ad_service_test.dart: AdService Tests isBannerAdReady should be false
00:00 +7 -2: C:/Users/Casper/Desktop/english_aircraft/test/ad_service_test.dart: AdService Tests isInterstitialAdReady should be false
00:00 +8 -2: C:/Users/Casper/Desktop/english_aircraft/test/ad_service_test.dart: AdService Tests isRewardedAdReady should be false
00:00 +9 -2: C:/Users/Casper/Desktop/english_aircraft/test/auth_service_test.dart: AuthService Basic Tests AuthService should be singleton
00:00 +10 -2: C:/Users/Casper/Desktop/english_aircraft/test/auth_service_test.dart: AuthService Basic Tests registerOffline should require valid email
00:00 +11 -2: C:/Users/Casper/Desktop/english_aircraft/test/auth_service_test.dart: AuthService Basic Tests registerOffline should require strong password
00:00 +12 -2: C:/Users/Casper/Desktop/english_aircraft/test/auth_service_test.dart: AuthService Basic Tests registerOffline should require valid username
00:00 +13 -2: C:/Users/Casper/Desktop/english_aircraft/test/auth_service_test.dart: AuthService Basic Tests login should  fail with non-existent user
00:00 +14 -2: C:/Users/Casper/Desktop/english_aircraft/test/auth_service_test.dart: AuthService Basic Tests isLoggedIn should check user status
00:00 +14 -3: C:/Users/Casper/Desktop/english_aircraft/test/auth_service_test.dart: AuthService Basic Tests isLoggedIn should check user status [E]
  MissingPluginException(No implementation found for method getAll on channel plugins.flutter.io/shared_preferences)
  dart:async                                                           _Completer.completeError
  package:shared_preferences/src/shared_preferences_legacy.dart 90:19  SharedPreferences.getInstance
  ===== asynchronous gap ===========================
  dart:async                                                           _CustomZone.registerBinaryCallback
  package:shared_preferences/src/shared_preferences_legacy.dart 85:13  SharedPreferences.getInstance
  package:english_aircraft/services/local_storage_service.dart 20:40   LocalStorageService.init
  package:english_aircraft/services/local_storage_service.dart 26:13   LocalStorageService.prefs
  package:english_aircraft/services/local_storage_service.dart 63:21   LocalStorageService.hasUser
  package:english_aircraft/services/auth_service.dart 159:32           AuthService.isLoggedIn
  test\auth_service_test.dart 64:42                                    main.<fn>.<fn>
  
00:00 +14 -3: C:/Users/Casper/Desktop/english_aircraft/test/auth_service_test.dart: AuthService Basic Tests getCurrentUser can return null when not logged in
00:00 +14 -4: C:/Users/Casper/Desktop/english_aircraft/test/auth_service_test.dart: AuthService Basic Tests getCurrentUser can return null when not logged in [E]
  MissingPluginException(No implementation found for method getAll on channel plugins.flutter.io/shared_preferences)
  dart:async                                                           _Completer.completeError
  package:shared_preferences/src/shared_preferences_legacy.dart 90:19  SharedPreferences.getInstance
  ===== asynchronous gap ===========================
  dart:async                                                           _CustomZone.registerBinaryCallback
  package:shared_preferences/src/shared_preferences_legacy.dart 85:13  SharedPreferences.getInstance
  package:english_aircraft/services/local_storage_service.dart 20:40   LocalStorageService.init
  package:english_aircraft/services/local_storage_service.dart 26:13   LocalStorageService.prefs
  package:english_aircraft/services/local_storage_service.dart 42:21   LocalStorageService.getUser
  package:english_aircraft/services/auth_service.dart 153:32           AuthService.getCurrentUser
  test\auth_service_test.dart 71:37                                    main.<fn>.<fn>
  
00:00 +14 -4: C:/Users/Casper/Desktop/english_aircraft/test/auth_service_test.dart: AuthService Basic Tests logout should complete without errors
00:00 +14 -5: C:/Users/Casper/Desktop/english_aircraft/test/auth_service_test.dart: AuthService Basic Tests logout should complete without errors [E]
  MissingPluginException(No implementation found for method getAll on channel plugins.flutter.io/shared_preferences)
  dart:async                                                           _Completer.completeError
  package:shared_preferences/src/shared_preferences_legacy.dart 90:19  SharedPreferences.getInstance
  ===== asynchronous gap ===========================
  dart:async                                                           _CustomZone.registerBinaryCallback
  package:shared_preferences/src/shared_preferences_legacy.dart 85:13  SharedPreferences.getInstance
  package:english_aircraft/services/local_storage_service.dart 20:40   LocalStorageService.init
  package:english_aircraft/services/local_storage_service.dart 26:13   LocalStorageService.prefs
  package:english_aircraft/services/local_storage_service.dart 56:21   LocalStorageService.deleteUser
  package:english_aircraft/services/auth_service.dart 147:25           AuthService.logout
  test\auth_service_test.dart 75:37                                    main.<fn>.<fn>
  
00:00 +14 -5: C:/Users/Casper/Desktop/english_aircraft/test/gamification_test.dart: XP Calculation Tests Correct answer should give base XP
00:00 +15 -5: C:/Users/Casper/Desktop/english_aircraft/test/gamification_test.dart: XP Calculation Tests Streak bonus should multiply correctly
00:00 +16 -5: C:/Users/Casper/Desktop/english_aircraft/test/gamification_test.dart: XP Calculation Tests Wrong answer should give 0 XP
00:00 +17 -5: C:/Users/Casper/Desktop/english_aircraft/test/gamification_test.dart: XP Calculation Tests Perfect lesson completion bonus
00:00 +18 -5: C:/Users/Casper/Desktop/english_aircraft/test/gamification_test.dart: Lives System Tests Initial lives should be 5
00:00 +19 -5: C:/Users/Casper/Desktop/english_aircraft/test/gamification_test.dart: Lives System Tests Wrong answer should decrease lives
00:00 +20 -5: C:/Users/Casper/Desktop/english_aircraft/test/gamification_test.dart: Lives System Tests Lives should not go below 0
00:00 +21 -5: C:/Users/Casper/Desktop/english_aircraft/test/gamification_test.dart: Lives System Tests Lives should not exceed maximum (5)
00:00 +22 -5: C:/Users/Casper/Desktop/english_aircraft/test/gamification_test.dart: Lives System Tests Lives regenerate over time
00:00 +23 -5: C:/Users/Casper/Desktop/english_aircraft/test/gamification_test.dart: Lives System Tests Multiple lives regeneration
00:00 +24 -5: C:/Users/Casper/Desktop/english_aircraft/test/gamification_test.dart: Streak System Tests New user should have 0 streak
00:00 +25 -5: C:/Users/Casper/Desktop/english_aircraft/test/gamification_test.dart: Streak System Tests Daily completion should increase streak
00:00 +26 -5: C:/Users/Casper/Desktop/english_aircraft/test/gamification_test.dart: Streak System Tests Missing a day should reset streak
00:00 +27 -5: C:/Users/Casper/Desktop/english_aircraft/test/gamification_test.dart: Streak System Tests Streak should be maintained with daily activity
00:00 +28 -5: C:/Users/Casper/Desktop/english_aircraft/test/gamification_test.dart: League System Tests User should start in Bronze league
00:00 +29 -5: C:/Users/Casper/Desktop/english_aircraft/test/gamification_test.dart: League System Tests 500 XP should promote to Silver
00:00 +30 -5: C:/Users/Casper/Desktop/english_aircraft/test/gamification_test.dart: League System Tests 10000 XP should promote to Champion
00:00 +31 -5: C:/Users/Casper/Desktop/english_aircraft/test/gamification_test.dart: Mastery System Tests New lesson should have mastery level 0
00:00 +32 -5: C:/Users/Casper/Desktop/english_aircraft/test/gamification_test.dart: Mastery System Tests First completion should set mastery to 1 (Bronze)
00:00 +33 -5: C:/Users/Casper/Desktop/english_aircraft/test/gamification_test.dart: Mastery System Tests Mastery should not exceed level 4
00:00 +34 -5: C:/Users/Casper/Desktop/english_aircraft/test/gamification_test.dart: Mastery System Tests Wrong answers should decrease mastery
00:01 +35 -5: C:/Users/Casper/Desktop/english_aircraft/test/spaced_repetition_test.dart: Spaced Repetition Tests New word should be due immediately
00:01 +36 -5: C:/Users/Casper/Desktop/english_aircraft/test/spaced_repetition_test.dart: Spaced Repetition Tests First review should schedule next review in 1 day
00:01 +37 -5: C:/Users/Casper/Desktop/english_aircraft/test/spaced_repetition_test.dart: Spaced Repetition Tests Second review should schedule next review in 3 days
00:01 +38 -5: C:/Users/Casper/Desktop/english_aircraft/test/spaced_repetition_test.dart: Spaced Repetition Tests Third review should schedule next review in 7 days
00:01 +39 -5: C:/Users/Casper/Desktop/english_aircraft/test/spaced_repetition_test.dart: Spaced Repetition Tests Fourth review should schedule next review in 14 days
00:01 +40 -5: C:/Users/Casper/Desktop/english_aircraft/test/spaced_repetition_test.dart: Spaced Repetition Tests Word should be due after interval passes
00:01 +41 -5: C:/Users/Casper/Desktop/english_aircraft/test/spaced_repetition_test.dart: Spaced Repetition Tests Word should not be due before interval passes
00:01 +42 -5: C:/Users/Casper/Desktop/english_aircraft/test/spaced_repetition_test.dart: Spaced Repetition Tests Wrong answer should reset interval to 1 day
00:01 +43 -5: C:/Users/Casper/Desktop/english_aircraft/test/spaced_repetition_test.dart: Spaced Repetition Tests Correct answer should increase interval
00:01 +44 -5: C:/Users/Casper/Desktop/english_aircraft/test/spaced_repetition_test.dart: Review Priority Tests Overdue words should have higher priority
00:01 +45 -5: C:/Users/Casper/Desktop/english_aircraft/test/spaced_repetition_test.dart: Review Priority Tests Urgency should increase with days overdue
00:01 +46 -5: C:/Users/Casper/Desktop/english_aircraft/test/spaced_repetition_test.dart: Review Priority Tests New words should have lower priority than reviews
00:01 +47 -5: C:/Users/Casper/Desktop/english_aircraft/test/spaced_repetition_test.dart: Mastery Impact on Intervals High mastery should have longer intervals
00:01 +48 -5: C:/Users/Casper/Desktop/english_aircraft/test/spaced_repetition_test.dart: Mastery Impact on Intervals Perfect answers should double interval growth
00:01 +49 -5: C:/Users/Casper/Desktop/english_aircraft/test/sync_service_test.dart: SyncService Tests SyncService requires Firebase - tests skipped in CI
  Skip: Requires Firebase initialization - run in integration tests
flutter : test/widget_test.d
art:14:12: Error: The argume
nt type 'String' can't be as
signed to the parameter type
 'bool?'.
At line:1 char:1
+ flutter test --no-color 2>
&1 | Out-File -FilePath test
_errors.txt -En ...
+ ~~~~~~~~~~~~~~~~~~~~~~~~~~
~~
    + CategoryInfo          
    : NotSpecified: (test/  
  widget_tes...r type 'bo   
 ol?'.:String) [], Remot    
eException
    + FullyQualifiedErrorId 
    : NativeCommandError
 
  }, skip: 'Requires Firebas
e - run as integration test'
);
           ^
00:01 +49 ~1 -6: loading C:/Users/Casper/Desktop/english_aircraft/test/widget_test.dart [E]
  Failed to load "C:/Users/Casper/Desktop/english_aircraft/test/widget_test.dart":
  Compilation failed for testPath=C:/Users/Casper/Desktop/english_aircraft/test/widget_test.dart: test/widget_test.dart:14:12: Error: The argument type 'String' can't be assigned to the parameter type 'bool?'.
    }, skip: 'Requires Firebase - run as integration test');
             ^
  .
00:01 +49 ~1 -6: C:/Users/Casper/Desktop/english_aircraft/test/vocabulary_test.dart: Term Model Tests Term should be created with correct properties
00:01 +50 ~1 -6: C:/Users/Casper/Desktop/english_aircraft/test/vocabulary_test.dart: Term Model Tests Term equality should work correctly
00:01 +51 ~1 -6: C:/Users/Casper/Desktop/english_aircraft/test/vocabulary_test.dart: Term Model Tests Term hashCode should be consistent
00:01 +52 ~1 -6: C:/Users/Casper/Desktop/english_aircraft/test/vocabulary_test.dart: CategoryData Model Tests CategoryData should be created correctly
00:01 +53 ~1 -6: C:/Users/Casper/Desktop/english_aircraft/test/vocabulary_test.dart: CategoryData Model Tests CategoryData should have correct term count
00:01 +54 ~1 -6: C:/Users/Casper/Desktop/english_aircraft/test/vocabulary_test.dart: League Model Tests League should be created with correct properties
00:01 +55 ~1 -6: C:/Users/Casper/Desktop/english_aircraft/test/vocabulary_test.dart: League Model Tests League comparison should work based on XP
00:01 +56 ~1 -6: Some tests failed.
